

================================================================
== Vitis HLS Report for 'multiplexer'
================================================================
* Date:           Mon Apr  1 10:11:29 2024

* Version:        2023.2 (Build 4023990 on Oct 11 2023)
* Project:        multiplexer
* Solution:       solution1 (Vivado IP Flow Target)
* Product family: virtexuplus
* Target device:  xcvu11p-flga2577-1-e


================================================================
== Performance Estimates
================================================================
+ Timing: 
    * Summary: 
    +--------+----------+----------+------------+
    |  Clock |  Target  | Estimated| Uncertainty|
    +--------+----------+----------+------------+
    |ap_clk  |  10.00 ns|  2.437 ns|     2.70 ns|
    +--------+----------+----------+------------+

+ Latency: 
    * Summary: 
    +---------+---------+-----------+-----------+-----+-----+---------+
    |  Latency (cycles) |   Latency (absolute)  |  Interval | Pipeline|
    |   min   |   max   |    min    |    max    | min | max |   Type  |
    +---------+---------+-----------+-----------+-----+-----+---------+
    |        1|        1|  10.000 ns|  10.000 ns|    2|    2|       no|
    +---------+---------+-----------+-----------+-----+-----+---------+

    + Detail: 
        * Instance: 
        N/A

        * Loop: 
        N/A



================================================================
== Utilization Estimates
================================================================
* Summary: 
+---------------------+---------+------+---------+---------+-----+
|         Name        | BRAM_18K|  DSP |    FF   |   LUT   | URAM|
+---------------------+---------+------+---------+---------+-----+
|DSP                  |        -|     -|        -|        -|    -|
|Expression           |        -|     -|        0|       74|    -|
|FIFO                 |        -|     -|        -|        -|    -|
|Instance             |        -|     -|        -|        -|    -|
|Memory               |        -|     -|        -|        -|    -|
|Multiplexer          |        -|     -|        -|       14|    -|
|Register             |        -|     -|        2|        -|    -|
+---------------------+---------+------+---------+---------+-----+
|Total                |        0|     0|        2|       88|    0|
+---------------------+---------+------+---------+---------+-----+
|Available SLR        |     1344|  3072|   864000|   432000|  320|
+---------------------+---------+------+---------+---------+-----+
|Utilization SLR (%)  |        0|     0|       ~0|       ~0|    0|
+---------------------+---------+------+---------+---------+-----+
|Available            |     4032|  9216|  2592000|  1296000|  960|
+---------------------+---------+------+---------+---------+-----+
|Utilization (%)      |        0|     0|       ~0|       ~0|    0|
+---------------------+---------+------+---------+---------+-----+

+ Detail: 
    * Instance: 
    N/A

    * DSP: 
    N/A

    * Memory: 
    N/A

    * FIFO: 
    N/A

    * Expression: 
    +---------------------+----------+----+---+----+------------+------------+
    |    Variable Name    | Operation| DSP| FF| LUT| Bitwidth P0| Bitwidth P1|
    +---------------------+----------+----+---+----+------------+------------+
    |icmp_ln8_fu_53_p2    |      icmp|   0|  0|  71|          64|           3|
    |select_ln8_fu_59_p3  |    select|   0|  0|   3|           1|           3|
    +---------------------+----------+----+---+----+------------+------------+
    |Total                |          |   0|  0|  74|          65|           6|
    +---------------------+----------+----+---+----+------------+------------+

    * Multiplexer: 
    +-----------+----+-----------+-----+-----------+
    |    Name   | LUT| Input Size| Bits| Total Bits|
    +-----------+----+-----------+-----+-----------+
    |ap_NS_fsm  |  14|          3|    1|          3|
    +-----------+----+-----------+-----+-----------+
    |Total      |  14|          3|    1|          3|
    +-----------+----+-----------+-----+-----------+

    * Register: 
    +-----------+---+----+-----+-----------+
    |    Name   | FF| LUT| Bits| Const Bits|
    +-----------+---+----+-----+-----------+
    |ap_CS_fsm  |  2|   0|    2|          0|
    +-----------+---+----+-----+-----------+
    |Total      |  2|   0|    2|          0|
    +-----------+---+----+-----+-----------+



================================================================
== Interface
================================================================
* Summary: 
+-----------------+-----+-----+------------+-----------------------+--------------+
|    RTL Ports    | Dir | Bits|  Protocol  |     Source Object     |    C Type    |
+-----------------+-----+-----+------------+-----------------------+--------------+
|ap_clk           |   in|    1|  ap_ctrl_hs|  multiplexer<int, 5ul>|  return value|
|ap_rst           |   in|    1|  ap_ctrl_hs|  multiplexer<int, 5ul>|  return value|
|ap_start         |   in|    1|  ap_ctrl_hs|  multiplexer<int, 5ul>|  return value|
|ap_done          |  out|    1|  ap_ctrl_hs|  multiplexer<int, 5ul>|  return value|
|ap_idle          |  out|    1|  ap_ctrl_hs|  multiplexer<int, 5ul>|  return value|
|ap_ready         |  out|    1|  ap_ctrl_hs|  multiplexer<int, 5ul>|  return value|
|ap_return        |  out|   32|  ap_ctrl_hs|  multiplexer<int, 5ul>|  return value|
|inputs_address0  |  out|    3|   ap_memory|                 inputs|         array|
|inputs_ce0       |  out|    1|   ap_memory|                 inputs|         array|
|inputs_q0        |   in|   32|   ap_memory|                 inputs|         array|
|sel              |   in|   64|     ap_none|                    sel|        scalar|
+-----------------+-----+-----+------------+-----------------------+--------------+

