#-----------------------------------------------------------
# xsim v2024.1 (64-bit)
# SW Build 5076996 on Wed May 22 18:37:14 MDT 2024
# IP Build 5075265 on Wed May 22 21:45:21 MDT 2024
# SharedData Build 5076995 on Wed May 22 18:29:18 MDT 2024
# Start of session at: Mon Jun 17 10:50:56 2024
# Process ID: 15840
# Current directory: C:/Users/kwokt/HLS-Models/Matrix-Multiplication/hls_component/hls_component/hls/sim/verilog
# Command line: xsim.exe -mode tcl -source {xsim.dir/matrix_multiply/xsim_script.tcl}
# Log file: C:/Users/kwokt/HLS-Models/Matrix-Multiplication/hls_component/hls_component/hls/sim/verilog/xsim.log
# Journal file: C:/Users/kwokt/HLS-Models/Matrix-Multiplication/hls_component/hls_component/hls/sim/verilog\xsim.jou
# Running On        :billy
# Platform          :Windows Server 2016 or Windows 10
# Operating System  :22631
# Processor Detail  :AMD Ryzen 9 5900HS with Radeon Graphics        
# CPU Frequency     :3294 MHz
# CPU Physical cores:8
# CPU Logical cores :16
# Host memory       :16542 MB
# Swap memory       :7247 MB
# Total Virtual     :23790 MB
# Available Virtual :8528 MB
#-----------------------------------------------------------
source xsim.dir/matrix_multiply/xsim_script.tcl
source matrix_multiply.tcl
