

================================================================
== Synthesis Summary Report of 'half_adder'
================================================================
+ General Information: 
    * Date:           Mon Jun  3 02:52:01 2024
    * Version:        2023.2 (Build 4023990 on Oct 11 2023)
    * Project:        int
    * Solution:       solution1 (Vivado IP Flow Target)
    * Product family: virtexuplus
    * Target device:  xcvu11p-flga2577-1-e
    

+ Performance & Resource Estimates: 
    
    PS: '+' for module; 'o' for loop; '*' for dataflow
    +--------------+------+------+---------+--------+----------+---------+------+----------+------+----+---+----------+-----+
    |    Modules   | Issue|      | Latency | Latency| Iteration|         | Trip |          |      |    |   |          |     |
    |    & Loops   | Type | Slack| (cycles)|  (ns)  |  Latency | Interval| Count| Pipelined| BRAM | DSP| FF|    LUT   | URAM|
    +--------------+------+------+---------+--------+----------+---------+------+----------+------+----+---+----------+-----+
    |+ half_adder  |     -|  7.01|        0|   0.000|         -|        1|     -|        no|     -|   -|  -|  64 (~0%)|    -|
    +--------------+------+------+---------+--------+----------+---------+------+----------+------+----+---+----------+-----+


================================================================
== HW Interfaces
================================================================
* Other Ports
+-------+---------+-----------+----------+
| Port  | Mode    | Direction | Bitwidth |
+-------+---------+-----------+----------+
| A     | ap_none | in        | 32       |
| B     | ap_none | in        | 32       |
| carry | ap_vld  | out       | 32       |
| sum   | ap_vld  | out       | 32       |
+-------+---------+-----------+----------+

* TOP LEVEL CONTROL
+-----------+------------+-----------------------------------+
| Interface | Type       | Ports                             |
+-----------+------------+-----------------------------------+
| ap_ctrl   | ap_ctrl_hs | ap_done ap_idle ap_ready ap_start |
+-----------+------------+-----------------------------------+


================================================================
== SW I/O Information
================================================================
* Top Function Arguments
+----------+-----------+----------+
| Argument | Direction | Datatype |
+----------+-----------+----------+
| A        | in        | int      |
| B        | in        | int      |
| sum      | out       | int&     |
| carry    | out       | int&     |
+----------+-----------+----------+

* SW-to-HW Mapping
+----------+--------------+---------+
| Argument | HW Interface | HW Type |
+----------+--------------+---------+
| A        | A            | port    |
| B        | B            | port    |
| sum      | sum          | port    |
| sum      | sum_ap_vld   | port    |
| carry    | carry        | port    |
| carry    | carry_ap_vld | port    |
+----------+--------------+---------+


================================================================
== Bind Op Report
================================================================
  No bind op info in design

================================================================
== Storage Report
================================================================
  No bind storage info in design

================================================================
== Pragma Report
================================================================
  No pragmas found

