

================================================================
== Vitis HLS Report for 'two_full_adders_cascaded'
================================================================
* Date:           Mon Apr  1 06:59:20 2024

* Version:        2023.2 (Build 4023990 on Oct 11 2023)
* Project:        two_full_adders_cascaded
* Solution:       solution1 (Vivado IP Flow Target)
* Product family: virtexuplus
* Target device:  xcvu11p-flga2577-1-e


================================================================
== Performance Estimates
================================================================
+ Timing: 
    * Summary: 
    +--------+----------+----------+------------+
    |  Clock |  Target  | Estimated| Uncertainty|
    +--------+----------+----------+------------+
    |ap_clk  |  10.00 ns|  0.296 ns|     2.70 ns|
    +--------+----------+----------+------------+

+ Latency: 
    * Summary: 
    +---------+---------+----------+----------+-----+-----+---------+
    |  Latency (cycles) |  Latency (absolute) |  Interval | Pipeline|
    |   min   |   max   |    min   |    max   | min | max |   Type  |
    +---------+---------+----------+----------+-----+-----+---------+
    |        0|        0|      0 ns|      0 ns|    1|    1|       no|
    +---------+---------+----------+----------+-----+-----+---------+

    + Detail: 
        * Instance: 
        N/A

        * Loop: 
        N/A



================================================================
== Utilization Estimates
================================================================
* Summary: 
+---------------------+---------+------+---------+---------+-----+
|         Name        | BRAM_18K|  DSP |    FF   |   LUT   | URAM|
+---------------------+---------+------+---------+---------+-----+
|DSP                  |        -|     -|        -|        -|    -|
|Expression           |        -|     -|        0|       14|    -|
|FIFO                 |        -|     -|        -|        -|    -|
|Instance             |        -|     -|        -|        -|    -|
|Memory               |        -|     -|        -|        -|    -|
|Multiplexer          |        -|     -|        -|        -|    -|
|Register             |        -|     -|        -|        -|    -|
+---------------------+---------+------+---------+---------+-----+
|Total                |        0|     0|        0|       14|    0|
+---------------------+---------+------+---------+---------+-----+
|Available SLR        |     1344|  3072|   864000|   432000|  320|
+---------------------+---------+------+---------+---------+-----+
|Utilization SLR (%)  |        0|     0|        0|       ~0|    0|
+---------------------+---------+------+---------+---------+-----+
|Available            |     4032|  9216|  2592000|  1296000|  960|
+---------------------+---------+------+---------+---------+-----+
|Utilization (%)      |        0|     0|        0|       ~0|    0|
+---------------------+---------+------+---------+---------+-----+

+ Detail: 
    * Instance: 
    N/A

    * DSP: 
    N/A

    * Memory: 
    N/A

    * FIFO: 
    N/A

    * Expression: 
    +---------------------+----------+----+---+----+------------+------------+
    |    Variable Name    | Operation| DSP| FF| LUT| Bitwidth P0| Bitwidth P1|
    +---------------------+----------+----+---+----+------------+------------+
    |and_ln5_1_fu_149_p2  |       and|   0|  0|   2|           1|           1|
    |and_ln5_fu_143_p2    |       and|   0|  0|   2|           1|           1|
    |cout0_fu_98_p2       |       and|   0|  0|   2|           1|           1|
    |cout                 |        or|   0|  0|   2|           1|           1|
    |xor_ln4_1_fu_120_p2  |       xor|   0|  0|   2|           1|           1|
    |xor_ln4_2_fu_126_p2  |       xor|   0|  0|   2|           1|           1|
    |xor_ln4_fu_82_p2     |       xor|   0|  0|   2|           1|           1|
    +---------------------+----------+----+---+----+------------+------------+
    |Total                |          |   0|  0|  14|           7|           7|
    +---------------------+----------+----+---+----+------------+------------+

    * Multiplexer: 
    N/A

    * Register: 
    N/A



================================================================
== Interface
================================================================
* Summary: 
+--------------+-----+-----+------------+--------------------------+--------------+
|   RTL Ports  | Dir | Bits|  Protocol  |       Source Object      |    C Type    |
+--------------+-----+-----+------------+--------------------------+--------------+
|ap_start      |   in|    1|  ap_ctrl_hs|  two_full_adders_cascaded|  return value|
|ap_done       |  out|    1|  ap_ctrl_hs|  two_full_adders_cascaded|  return value|
|ap_idle       |  out|    1|  ap_ctrl_hs|  two_full_adders_cascaded|  return value|
|ap_ready      |  out|    1|  ap_ctrl_hs|  two_full_adders_cascaded|  return value|
|x             |   in|    4|     ap_none|                         x|       pointer|
|y             |   in|    4|     ap_none|                         y|       pointer|
|cout          |  out|    1|      ap_vld|                      cout|       pointer|
|cout_ap_vld   |  out|    1|      ap_vld|                      cout|       pointer|
|sum_i         |   in|    4|     ap_ovld|                       sum|       pointer|
|sum_o         |  out|    4|     ap_ovld|                       sum|       pointer|
|sum_o_ap_vld  |  out|    1|     ap_ovld|                       sum|       pointer|
+--------------+-----+-----+------------+--------------------------+--------------+

