

================================================================
== Synthesis Summary Report of 'counter'
================================================================
+ General Information: 
    * Date:           Mon Mar 25 04:35:33 2024
    * Version:        2023.2 (Build 4023990 on Oct 11 2023)
    * Project:        8bitcounter
    * Solution:       solution1 (Vivado IP Flow Target)
    * Product family: virtexuplus
    * Target device:  xcvu11p-flga2577-1-e
    

+ Performance & Resource Estimates: 
    
    PS: '+' for module; 'o' for loop; '*' for dataflow
    +-----------+------+------+---------+--------+----------+---------+------+----------+------+----+---------+----------+-----+
    |  Modules  | Issue|      | Latency | Latency| Iteration|         | Trip |          |      |    |         |          |     |
    |  & Loops  | Type | Slack| (cycles)|  (ns)  |  Latency | Interval| Count| Pipelined| BRAM | DSP|    FF   |    LUT   | URAM|
    +-----------+------+------+---------+--------+----------+---------+------+----------+------+----+---------+----------+-----+
    |+ counter  |     -|  5.16|        0|   0.000|         -|        1|     -|        no|     -|   -|  9 (~0%)|  38 (~0%)|    -|
    +-----------+------+------+---------+--------+----------+---------+------+----------+------+----+---------+----------+-----+


================================================================
== HW Interfaces
================================================================
* Other Ports
+-------+---------+-----------+----------+
| Port  | Mode    | Direction | Bitwidth |
+-------+---------+-----------+----------+
| count | ap_vld  | out       | 8        |
| upper | ap_none | in        | 8        |
+-------+---------+-----------+----------+

* TOP LEVEL CONTROL
+-----------+------------+-----------------------------------+
| Interface | Type       | Ports                             |
+-----------+------------+-----------------------------------+
| ap_clk    | clock      | ap_clk                            |
| ap_rst    | reset      | ap_rst                            |
| ap_ctrl   | ap_ctrl_hs | ap_done ap_idle ap_ready ap_start |
+-----------+------------+-----------------------------------+


================================================================
== SW I/O Information
================================================================
* Top Function Arguments
+----------+-----------+----------------+
| Argument | Direction | Datatype       |
+----------+-----------+----------------+
| count    | out       | unsigned char* |
| upper    | in        | unsigned char  |
+----------+-----------+----------------+

* SW-to-HW Mapping
+----------+--------------+---------+
| Argument | HW Interface | HW Type |
+----------+--------------+---------+
| count    | count        | port    |
| count    | count_ap_vld | port    |
| upper    | upper        | port    |
+----------+--------------+---------+


================================================================
== Bind Op Report
================================================================
+--------------+-----+--------+----------+-----+--------+---------+
| Name         | DSP | Pragma | Variable | Op  | Impl   | Latency |
+--------------+-----+--------+----------+-----+--------+---------+
| + counter    | 0   |        |          |     |        |         |
|   v_fu_47_p2 |     |        | v        | add | fabric | 0       |
+--------------+-----+--------+----------+-----+--------+---------+


================================================================
== Storage Report
================================================================
  No bind storage info in design

================================================================
== Pragma Report
================================================================
  No pragmas found

