#-----------------------------------------------------------
# Vivado v2023.2 (64-bit)
# SW Build 4029153 on Fri Oct 13 20:14:34 MDT 2023
# IP Build 4028589 on Sat Oct 14 00:45:43 MDT 2023
# SharedData Build 4025554 on Tue Oct 10 17:18:54 MDT 2023
# Start of session at: Mon Apr  1 07:01:05 2024
# Process ID: 6652
# Current directory: C:/Users/kwokt/Desktop/Clone_HLS-Models/HLS-Models/Simple-Designs/Combinational/2_Full_adder_cascade/two_full_adders_cascaded/solution1/impl/verilog/project.runs/bd_0_hls_inst_0_synth_1
# Command line: vivado.exe -log bd_0_hls_inst_0.vds -product Vivado -mode batch -messageDb vivado.pb -notrace -source bd_0_hls_inst_0.tcl
# Log file: C:/Users/kwokt/Desktop/Clone_HLS-Models/HLS-Models/Simple-Designs/Combinational/2_Full_adder_cascade/two_full_adders_cascaded/solution1/impl/verilog/project.runs/bd_0_hls_inst_0_synth_1/bd_0_hls_inst_0.vds
# Journal file: C:/Users/kwokt/Desktop/Clone_HLS-Models/HLS-Models/Simple-Designs/Combinational/2_Full_adder_cascade/two_full_adders_cascaded/solution1/impl/verilog/project.runs/bd_0_hls_inst_0_synth_1\vivado.jou
# Running On: billy, OS: Windows, CPU Frequency: 3294 MHz, CPU Physical cores: 16, Host memory: 16542 MB
#-----------------------------------------------------------
source bd_0_hls_inst_0.tcl -notrace
