

================================================================
== Synthesis Summary Report of 'clock'
================================================================
+ General Information: 
    * Date:           Mon Mar 25 04:47:05 2024
    * Version:        2023.2 (Build 4023990 on Oct 11 2023)
    * Project:        12hour_clock
    * Solution:       solution1 (Vivado IP Flow Target)
    * Product family: virtexuplus
    * Target device:  xcvu11p-flga2577-1-e
    

+ Performance & Resource Estimates: 
    
    PS: '+' for module; 'o' for loop; '*' for dataflow
    +---------+------+------+---------+--------+----------+---------+------+----------+------+----+----------+-----------+-----+
    | Modules | Issue|      | Latency | Latency| Iteration|         | Trip |          |      |    |          |           |     |
    | & Loops | Type | Slack| (cycles)|  (ns)  |  Latency | Interval| Count| Pipelined| BRAM | DSP|    FF    |    LUT    | URAM|
    +---------+------+------+---------+--------+----------+---------+------+----------+------+----+----------+-----------+-----+
    |+ clock  |     -|  5.01|        0|   0.000|         -|        1|     -|        no|     -|   -|  26 (~0%)|  232 (~0%)|    -|
    +---------+------+------+---------+--------+----------+---------+------+----------+------+----+----------+-----------+-----+


================================================================
== HW Interfaces
================================================================
* Other Ports
+-------+---------+-----------+----------+
| Port  | Mode    | Direction | Bitwidth |
+-------+---------+-----------+----------+
| ena   | ap_none | in        | 1        |
| hh    | ap_vld  | out       | 8        |
| mm    | ap_vld  | out       | 8        |
| pm    | ap_vld  | out       | 1        |
| reset | ap_none | in        | 1        |
| ss    | ap_vld  | out       | 8        |
+-------+---------+-----------+----------+

* TOP LEVEL CONTROL
+-----------+------------+-----------------------------------+
| Interface | Type       | Ports                             |
+-----------+------------+-----------------------------------+
| ap_clk    | clock      | ap_clk                            |
| ap_rst    | reset      | ap_rst                            |
| ap_ctrl   | ap_ctrl_hs | ap_done ap_idle ap_ready ap_start |
+-----------+------------+-----------------------------------+


================================================================
== SW I/O Information
================================================================
* Top Function Arguments
+----------+-----------+-------------+
| Argument | Direction | Datatype    |
+----------+-----------+-------------+
| reset    | in        | ap_uint<1>& |
| ena      | in        | ap_uint<1>& |
| hh       | out       | ap_uint<8>& |
| mm       | out       | ap_uint<8>& |
| ss       | out       | ap_uint<8>& |
| pm       | out       | ap_uint<1>& |
+----------+-----------+-------------+

* SW-to-HW Mapping
+----------+--------------+---------+
| Argument | HW Interface | HW Type |
+----------+--------------+---------+
| reset    | reset        | port    |
| ena      | ena          | port    |
| hh       | hh           | port    |
| hh       | hh_ap_vld    | port    |
| mm       | mm           | port    |
| mm       | mm_ap_vld    | port    |
| ss       | ss           | port    |
| ss       | ss_ap_vld    | port    |
| pm       | pm           | port    |
| pm       | pm_ap_vld    | port    |
+----------+--------------+---------+


================================================================
== Bind Op Report
================================================================
+----------------------+-----+--------+----------+-----+--------+---------+
| Name                 | DSP | Pragma | Variable | Op  | Impl   | Latency |
+----------------------+-----+--------+----------+-----+--------+---------+
| + clock              | 0   |        |          |     |        |         |
|   add_ln18_fu_284_p2 |     |        | add_ln18 | add | fabric | 0       |
|   add_ln21_fu_297_p2 |     |        | add_ln21 | add | fabric | 0       |
|   add_ln24_fu_310_p2 |     |        | add_ln24 | add | fabric | 0       |
+----------------------+-----+--------+----------+-----+--------+---------+


================================================================
== Storage Report
================================================================
  No bind storage info in design

================================================================
== Pragma Report
================================================================
  No pragmas found

