

================================================================
== Synthesis Summary Report of 'rotator'
================================================================
+ General Information: 
    * Date:           Mon Mar 25 05:15:38 2024
    * Version:        2023.2 (Build 4023990 on Oct 11 2023)
    * Project:        100bit_shift_register
    * Solution:       solution1 (Vivado IP Flow Target)
    * Product family: virtexuplus
    * Target device:  xcvu11p-flga2577-1-e
    

+ Performance & Resource Estimates: 
    
    PS: '+' for module; 'o' for loop; '*' for dataflow
    +-----------+------+------+---------+--------+----------+---------+------+----------+------+----+-----------+----------+-----+
    |  Modules  | Issue|      | Latency | Latency| Iteration|         | Trip |          |      |    |           |          |     |
    |  & Loops  | Type | Slack| (cycles)|  (ns)  |  Latency | Interval| Count| Pipelined| BRAM | DSP|     FF    |    LUT   | URAM|
    +-----------+------+------+---------+--------+----------+---------+------+----------+------+----+-----------+----------+-----+
    |+ rotator  |     -|  5.87|        0|   0.000|         -|        1|     -|        no|     -|   -|  101 (~0%)|  42 (~0%)|    -|
    +-----------+------+------+---------+--------+----------+---------+------+----------+------+----+-----------+----------+-----+


================================================================
== HW Interfaces
================================================================
* Other Ports
+------+---------+-----------+----------+
| Port | Mode    | Direction | Bitwidth |
+------+---------+-----------+----------+
| data | ap_none | in        | 100      |
| ena  | ap_none | in        | 2        |
| load | ap_none | in        | 1        |
| q    | ap_vld  | out       | 100      |
+------+---------+-----------+----------+

* TOP LEVEL CONTROL
+-----------+------------+-----------------------------------+
| Interface | Type       | Ports                             |
+-----------+------------+-----------------------------------+
| ap_clk    | clock      | ap_clk                            |
| ap_rst    | reset      | ap_rst                            |
| ap_ctrl   | ap_ctrl_hs | ap_done ap_idle ap_ready ap_start |
+-----------+------------+-----------------------------------+


================================================================
== SW I/O Information
================================================================
* Top Function Arguments
+----------+-----------+---------------+
| Argument | Direction | Datatype      |
+----------+-----------+---------------+
| load     | in        | ap_uint<1>&   |
| ena      | in        | ap_uint<2>&   |
| data     | in        | ap_uint<100>& |
| q        | out       | ap_uint<100>& |
+----------+-----------+---------------+

* SW-to-HW Mapping
+----------+--------------+---------+
| Argument | HW Interface | HW Type |
+----------+--------------+---------+
| load     | load         | port    |
| ena      | ena          | port    |
| data     | data         | port    |
| q        | q            | port    |
| q        | q_ap_vld     | port    |
+----------+--------------+---------+


================================================================
== Bind Op Report
================================================================
  No bind op info in design

================================================================
== Storage Report
================================================================
  No bind storage info in design

================================================================
== Pragma Report
================================================================
  No pragmas found

