

================================================================
== Vitis HLS Report for 'rotator'
================================================================
* Date:           Mon Mar 25 05:15:38 2024

* Version:        2023.2 (Build 4023990 on Oct 11 2023)
* Project:        100bit_shift_register
* Solution:       solution1 (Vivado IP Flow Target)
* Product family: virtexuplus
* Target device:  xcvu11p-flga2577-1-e


================================================================
== Performance Estimates
================================================================
+ Timing: 
    * Summary: 
    +--------+----------+----------+------------+
    |  Clock |  Target  | Estimated| Uncertainty|
    +--------+----------+----------+------------+
    |ap_clk  |  10.00 ns|  1.426 ns|     2.70 ns|
    +--------+----------+----------+------------+

+ Latency: 
    * Summary: 
    +---------+---------+----------+----------+-----+-----+---------+
    |  Latency (cycles) |  Latency (absolute) |  Interval | Pipeline|
    |   min   |   max   |    min   |    max   | min | max |   Type  |
    +---------+---------+----------+----------+-----+-----+---------+
    |        0|        0|      0 ns|      0 ns|    1|    1|       no|
    +---------+---------+----------+----------+-----+-----+---------+

    + Detail: 
        * Instance: 
        N/A

        * Loop: 
        N/A



================================================================
== Utilization Estimates
================================================================
* Summary: 
+---------------------+---------+------+---------+---------+-----+
|         Name        | BRAM_18K|  DSP |    FF   |   LUT   | URAM|
+---------------------+---------+------+---------+---------+-----+
|DSP                  |        -|     -|        -|        -|    -|
|Expression           |        -|     -|        0|        2|    -|
|FIFO                 |        -|     -|        -|        -|    -|
|Instance             |        -|     -|        -|        -|    -|
|Memory               |        -|     -|        -|        -|    -|
|Multiplexer          |        -|     -|        -|       40|    -|
|Register             |        -|     -|      101|        -|    -|
+---------------------+---------+------+---------+---------+-----+
|Total                |        0|     0|      101|       42|    0|
+---------------------+---------+------+---------+---------+-----+
|Available SLR        |     1344|  3072|   864000|   432000|  320|
+---------------------+---------+------+---------+---------+-----+
|Utilization SLR (%)  |        0|     0|       ~0|       ~0|    0|
+---------------------+---------+------+---------+---------+-----+
|Available            |     4032|  9216|  2592000|  1296000|  960|
+---------------------+---------+------+---------+---------+-----+
|Utilization (%)      |        0|     0|       ~0|       ~0|    0|
+---------------------+---------+------+---------+---------+-----+

+ Detail: 
    * Instance: 
    N/A

    * DSP: 
    N/A

    * Memory: 
    N/A

    * FIFO: 
    N/A

    * Expression: 
    +-----------------+----------+----+---+----+------------+------------+
    |  Variable Name  | Operation| DSP| FF| LUT| Bitwidth P0| Bitwidth P1|
    +-----------------+----------+----+---+----+------------+------------+
    |ap_condition_48  |       and|   0|  0|   2|           1|           1|
    +-----------------+----------+----+---+----+------------+------------+
    |Total            |          |   0|  0|   2|           1|           1|
    +-----------------+----------+----+---+----+------------+------------+

    * Multiplexer: 
    +-----------------------------------+----+-----------+-----+-----------+
    |                Name               | LUT| Input Size| Bits| Total Bits|
    +-----------------------------------+----+-----------+-----+-----------+
    |ap_phi_mux_reg_loc_2_phi_fu_74_p8  |  26|          5|  100|        500|
    |reg_r                              |  14|          3|  100|        300|
    +-----------------------------------+----+-----------+-----+-----------+
    |Total                              |  40|          8|  200|        800|
    +-----------------------------------+----+-----------+-----+-----------+

    * Register: 
    +-----------+-----+----+-----+-----------+
    |    Name   |  FF | LUT| Bits| Const Bits|
    +-----------+-----+----+-----+-----------+
    |ap_CS_fsm  |    1|   0|    1|          0|
    |reg_r      |  100|   0|  100|          0|
    +-----------+-----+----+-----+-----------+
    |Total      |  101|   0|  101|          0|
    +-----------+-----+----+-----+-----------+



================================================================
== Interface
================================================================
* Summary: 
+----------+-----+-----+------------+--------------+--------------+
| RTL Ports| Dir | Bits|  Protocol  | Source Object|    C Type    |
+----------+-----+-----+------------+--------------+--------------+
|ap_clk    |   in|    1|  ap_ctrl_hs|       rotator|  return value|
|ap_rst    |   in|    1|  ap_ctrl_hs|       rotator|  return value|
|ap_start  |   in|    1|  ap_ctrl_hs|       rotator|  return value|
|ap_done   |  out|    1|  ap_ctrl_hs|       rotator|  return value|
|ap_idle   |  out|    1|  ap_ctrl_hs|       rotator|  return value|
|ap_ready  |  out|    1|  ap_ctrl_hs|       rotator|  return value|
|load      |   in|    1|     ap_none|          load|       pointer|
|ena       |   in|    2|     ap_none|           ena|       pointer|
|data      |   in|  100|     ap_none|          data|       pointer|
|q         |  out|  100|      ap_vld|             q|       pointer|
|q_ap_vld  |  out|    1|      ap_vld|             q|       pointer|
+----------+-----+-----+------------+--------------+--------------+

